"k"				"+suicide"
"w"				"+forward"
"UPARROW"		"+forward"
"s"				"+back"
"DOWNARROW"		"+back"
"LEFTARROW"		"+left"
"RIGHTARROW"	"+right"
"a"				"+moveleft"
","				"+moveleft"
"d"				"+moveright"
"."				"+moveright"
"SPACE"			"+jump"
"CTRL"			"+duck"
"TAB"			"+showscores"
"e"				"+use"
"v"				"+shove"
"'"				"+moveup"
"h"				"holster"
"c"				"+compass"
"/"				"+movedown"
"PGUP"			"+lookup"
"PGDN"			"+lookdown"
"END"			"callvote"
"ALT"			"+strafe"
"INS"			"+klook"
";"				"+mlook"
"r"				"+reload"
"SHIFT"			"+speed"
"MOUSE1"		"+attack"
"ENTER"			"+attack"
"MOUSE2"		"+attack2"
"\\"			"+attack2"
"f"				"+maglite"
"1"				"+inventory"
"2"				"+ammoinv"
"3"				"+voicecmd"
"g"				"+dropweapon"
"MWHEELUP"		"invprev"
"["				"invprev"
"MWHEELDOWN"	"invnext"
"]"				"invnext"
"q"				"lastinv"
"F5"			"jpeg"
"F10"			"quit prompt"
"PAUSE"			"pause"
"ESCAPE"		"escape"
"~"				"toggleconsole"
"`"				"toggleconsole"
"+"				"sizeup"
"="				"sizeup"
"-"				"sizedown"
"t"				"impulse 201"
"y"				"messagemode"
"r"				"+unload"
"MOUSE3"		"+voicerecord"
"u"				"+unload"
"x"				"+selectfire"